============================= test session starts =============================
platform win32 -- Python 3.10.11, pytest-8.3.5, pluggy-1.6.0 -- C:\Users\Jurph\Documents\Python Scripts\untext\venv\Scripts\python.exe
cachedir: .pytest_cache
rootdir: C:\Users\Jurph\Documents\Python Scripts\untext
configfile: pytest.ini
plugins: anyio-4.9.0, asyncio-1.0.0, cov-6.1.1
asyncio: mode=strict, asyncio_default_fixture_loop_scope=None, asyncio_default_test_loop_scope=function
collecting ... collected 34 items

tests/test_detection.py::test_detector_initialization PASSED             [  2%]
tests/test_detection.py::test_detection_on_simple_image PASSED           [  5%]
tests/test_detection.py::test_detection_on_empty_image PASSED            [  8%]
tests/test_detection.py::test_detection_on_invalid_input PASSED          [ 11%]
tests/test_detection.py::test_geometry_to_mask PASSED                    [ 14%]
tests/test_detection.py::test_detection_output_format PASSED             [ 17%]
tests/test_doctr.py::test_image_processing PASSED                        [ 20%]
tests/test_doctr.py::test_text_detector PASSED                           [ 23%]
tests/test_doctr.py::test_word_mask_generator PASSED                     [ 26%]
tests/test_inpainting.py::test_patcher_initialization PASSED             [ 29%]
tests/test_inpainting.py::test_patch_single_image PASSED                 [ 32%]
tests/test_inpainting.py::test_patch_multiple_images PASSED              [ 35%]
tests/test_inpainting.py::test_patch_with_invalid_input PASSED           [ 38%]
tests/test_lama_inpainter.py::test_inpainter_initialization PASSED       [ 41%]
tests/test_lama_inpainter.py::test_inpaint_single_image PASSED           [ 44%]
tests/test_lama_inpainter.py::test_inpaint_with_subregion PASSED         [ 47%]
tests/test_lama_inpainter.py::test_inpaint_with_invalid_input PASSED     [ 50%]
tests/test_lama_inpainter.py::test_inpaint_with_invalid_subregion PASSED [ 52%]
tests/test_mask_generation.py::test_mask_generator_initialization PASSED [ 55%]
tests/test_mask_generation.py::test_generate_masks_basic PASSED          [ 58%]
tests/test_mask_generation.py::test_generate_masks_empty_image PASSED    [ 61%]
tests/test_mask_generation.py::test_generate_masks_multiple_images PASSED [ 64%]
tests/test_subregion_cropping.py::test_calculate_subregion PASSED        [ 67%]
tests/test_subregion_cropping.py::test_subregion_bounds PASSED           [ 70%]
tests/test_subregion_cropping.py::test_subregion_scaling PASSED          [ 73%]
tests/test_subregion_cropping.py::test_subregion_min_margin PASSED       [ 76%]
tests/test_text_detection.py::test_detector_initialization PASSED        [ 79%]
tests/test_text_detection.py::test_invalid_initialization PASSED         [ 82%]
tests/test_text_detection.py::test_detect_watermark PASSED               [ 85%]
tests/test_text_detection.py::test_detect_multiple_watermarks PASSED     [ 88%]
tests/test_text_detection.py::test_detect_no_text PASSED                 [ 91%]
tests/test_text_detection.py::test_detect_invalid_image PASSED           [ 94%]
tests/test_text_detection.py::test_geometry_to_mask PASSED               [ 97%]
tests/test_text_detection.py::test_filter_detections PASSED              [100%]

============================== warnings summary ===============================
tests/test_detection.py::test_geometry_to_mask
  C:\Users\Jurph\Documents\Python Scripts\untext\tests\test_detection.py:178: UserWarning: Dilation did not increase mask area; this can happen if the mask is at the edge or kernel is too small.
    warnings.warn("Dilation did not increase mask area; this can happen if the mask is at the edge or kernel is too small.")

tests/test_detection.py::test_detection_output_format
  C:\Users\Jurph\Documents\Python Scripts\untext\tests\test_detection.py:205: UserWarning: No text detected in synthetic image. This is common for deep models on synthetic or small images.
    warnings.warn("No text detected in synthetic image. This is common for deep models on synthetic or small images.")

-- Docs: https://docs.pytest.org/en/stable/how-to/capture-warnings.html
================= 34 passed, 2 warnings in 207.87s (0:03:27) ==================
